// Jest Snapshot v1, https://goo.gl/fbAQLP

exports[`Student reducer: Should handle SET_STUDENT action 1`] = `
Object {
  "age": "",
  "confirmPassword": "",
  "email": "",
  "firstName": "",
  "password": "",
  "sex": "",
  "speciality": "",
  "surname": "",
}
`;

exports[`Student reducer: Should return initial state by default 1`] = `
Object {
  "age": "",
  "confirmPassword": "",
  "email": "",
  "firstName": "",
  "password": "",
  "sex": "",
  "speciality": "",
  "surname": "",
}
`;
